=============================================================
   libcouchstore 2.0.1_linux_30_gfa32842: ./test-suite.log
=============================================================

# TOTAL: 1
# PASS:  1
# SKIP:  0
# XFAIL: 0
# FAIL:  0
# XPASS: 0
# ERROR: 0

.. contents:: :depth: 2

